Record 1 timestamp: 1789120768.712906
Record 2 timestamp: 1789120779.8533728
Record 3 timestamp: 1789120790.6064909
Record 4 timestamp: 1789120802.123938
Record 5 timestamp: 1789120814.257938
Record 6 timestamp: 1789120825.403284
Record 7 timestamp: 1789120839.193347
Record 8 timestamp: 1789120850.745622
Record 9 timestamp: 1789120862.788487
Record 10 timestamp: 1789120874.0519428
Record 11 timestamp: 1789120884.979857
Record 12 timestamp: 1789120896.673009
Record 13 timestamp: 1789120908.397378
Record 14 timestamp: 1789120919.00603
Record 15 timestamp: 1789120930.351941
Record 16 timestamp: 1789120941.842187
Record 17 timestamp: 1789120953.083401
Record 18 timestamp: 1789120964.266892
Record 19 timestamp: 1789120975.931645
Record 20 timestamp: 1789120987.094891
Record 21 timestamp: 1789120998.4437351
Record 22 timestamp: 1789121009.841289
Record 23 timestamp: 1789121021.232523
